[0.015s] Invoking command in '/home/thaoton1910/swarm_robot/simulation_ws/src/build/cartographer': CMAKE_PREFIX_PATH=/opt/ros/humble /usr/bin/cmake --build /home/thaoton1910/swarm_robot/simulation_ws/src/build/cartographer -- -j12 -l12
[0.048s] Invoked command in '/home/thaoton1910/swarm_robot/simulation_ws/src/build/cartographer' returned '0': CMAKE_PREFIX_PATH=/opt/ros/humble /usr/bin/cmake --build /home/thaoton1910/swarm_robot/simulation_ws/src/build/cartographer -- -j12 -l12
[0.056s] Invoking command in '/home/thaoton1910/swarm_robot/simulation_ws/src/build/cartographer': CMAKE_PREFIX_PATH=/opt/ros/humble /usr/bin/cmake --install /home/thaoton1910/swarm_robot/simulation_ws/src/build/cartographer
[0.063s] -- Install configuration: ""
[0.063s] -- Execute custom install script
[0.063s] -- Up-to-date symlink: /home/thaoton1910/swarm_robot/simulation_ws/src/install/cartographer/share/cartographer/config/cartographer_config.lua
[0.063s] -- Up-to-date symlink: /home/thaoton1910/swarm_robot/simulation_ws/src/install/cartographer/share/cartographer/launch/cartographer_launch.py
[0.064s] -- Up-to-date symlink: /home/thaoton1910/swarm_robot/simulation_ws/src/install/cartographer/share/cartographer/launch/occupancy_grid.launch.py
[0.064s] -- Up-to-date symlink: /home/thaoton1910/swarm_robot/simulation_ws/src/install/cartographer/share/cartographer/rviz/cartographer.rviz
[0.065s] -- Up-to-date symlink: /home/thaoton1910/swarm_robot/simulation_ws/src/install/cartographer/share/ament_index/resource_index/package_run_dependencies/cartographer
[0.065s] -- Up-to-date symlink: /home/thaoton1910/swarm_robot/simulation_ws/src/install/cartographer/share/ament_index/resource_index/parent_prefix_path/cartographer
[0.066s] -- Up-to-date symlink: /home/thaoton1910/swarm_robot/simulation_ws/src/install/cartographer/share/cartographer/environment/ament_prefix_path.sh
[0.066s] -- Up-to-date symlink: /home/thaoton1910/swarm_robot/simulation_ws/src/install/cartographer/share/cartographer/environment/ament_prefix_path.dsv
[0.066s] -- Up-to-date symlink: /home/thaoton1910/swarm_robot/simulation_ws/src/install/cartographer/share/cartographer/environment/path.sh
[0.067s] -- Up-to-date symlink: /home/thaoton1910/swarm_robot/simulation_ws/src/install/cartographer/share/cartographer/environment/path.dsv
[0.067s] -- Up-to-date symlink: /home/thaoton1910/swarm_robot/simulation_ws/src/install/cartographer/share/cartographer/local_setup.bash
[0.068s] -- Up-to-date symlink: /home/thaoton1910/swarm_robot/simulation_ws/src/install/cartographer/share/cartographer/local_setup.sh
[0.068s] -- Up-to-date symlink: /home/thaoton1910/swarm_robot/simulation_ws/src/install/cartographer/share/cartographer/local_setup.zsh
[0.068s] -- Up-to-date symlink: /home/thaoton1910/swarm_robot/simulation_ws/src/install/cartographer/share/cartographer/local_setup.dsv
[0.068s] -- Symlinking: /home/thaoton1910/swarm_robot/simulation_ws/src/install/cartographer/share/cartographer/package.dsv
[0.085s] -- Up-to-date symlink: /home/thaoton1910/swarm_robot/simulation_ws/src/install/cartographer/share/ament_index/resource_index/packages/cartographer
[0.085s] -- Up-to-date symlink: /home/thaoton1910/swarm_robot/simulation_ws/src/install/cartographer/share/cartographer/cmake/cartographerConfig.cmake
[0.086s] -- Up-to-date symlink: /home/thaoton1910/swarm_robot/simulation_ws/src/install/cartographer/share/cartographer/cmake/cartographerConfig-version.cmake
[0.086s] -- Up-to-date symlink: /home/thaoton1910/swarm_robot/simulation_ws/src/install/cartographer/share/cartographer/package.xml
[0.087s] Invoked command in '/home/thaoton1910/swarm_robot/simulation_ws/src/build/cartographer' returned '0': CMAKE_PREFIX_PATH=/opt/ros/humble /usr/bin/cmake --install /home/thaoton1910/swarm_robot/simulation_ws/src/build/cartographer
