[0.025s] Invoking command in '/home/thaoton1910/swarm_robot/simulation_ws/src/build/robot_bringup': CMAKE_PREFIX_PATH=/opt/ros/humble /usr/bin/cmake /home/thaoton1910/swarm_robot/simulation_ws/src/robot_bringup -DAMENT_CMAKE_SYMLINK_INSTALL=1 -DCMAKE_INSTALL_PREFIX=/home/thaoton1910/swarm_robot/simulation_ws/src/install/robot_bringup
[0.246s] -- The C compiler identification is GNU 11.4.0
[0.619s] -- The CXX compiler identification is GNU 11.4.0
[0.849s] -- Detecting C compiler ABI info
[0.980s] -- Detecting C compiler ABI info - done
[0.985s] -- Check for working C compiler: /usr/bin/cc - skipped
[0.986s] -- Detecting C compile features
[0.986s] -- Detecting C compile features - done
[0.990s] -- Detecting CXX compiler ABI info
[1.100s] -- Detecting CXX compiler ABI info - done
[1.106s] -- Check for working CXX compiler: /usr/bin/c++ - skipped
[1.106s] -- Detecting CXX compile features
[1.106s] -- Detecting CXX compile features - done
[1.117s] -- Found ament_cmake: 1.3.11 (/opt/ros/humble/share/ament_cmake/cmake)
[1.249s] -- Found Python3: /usr/bin/python3 (found version "3.10.12") found components: Interpreter 
[1.322s] -- Override CMake install command with custom implementation using symlinks instead of copying resources
[1.374s] -- Found ament_lint_auto: 0.12.12 (/opt/ros/humble/share/ament_lint_auto/cmake)
[1.477s] -- Added test 'copyright' to check source files copyright and LICENSE
[1.484s] -- Added test 'flake8' to check Python code syntax and style conventions
[1.484s] -- Added test 'lint_cmake' to check CMake code style
[1.484s] -- Added test 'pep257' to check Python code against some of the docstring style conventions in PEP 257
[1.487s] -- Added test 'xmllint' to check XML markup files
[1.493s] -- Configuring done
[1.493s] -- Generating done
[1.494s] -- Build files have been written to: /home/thaoton1910/swarm_robot/simulation_ws/src/build/robot_bringup
[1.500s] Invoked command in '/home/thaoton1910/swarm_robot/simulation_ws/src/build/robot_bringup' returned '0': CMAKE_PREFIX_PATH=/opt/ros/humble /usr/bin/cmake /home/thaoton1910/swarm_robot/simulation_ws/src/robot_bringup -DAMENT_CMAKE_SYMLINK_INSTALL=1 -DCMAKE_INSTALL_PREFIX=/home/thaoton1910/swarm_robot/simulation_ws/src/install/robot_bringup
[1.503s] Invoking command in '/home/thaoton1910/swarm_robot/simulation_ws/src/build/robot_bringup': CMAKE_PREFIX_PATH=/opt/ros/humble /usr/bin/cmake --build /home/thaoton1910/swarm_robot/simulation_ws/src/build/robot_bringup -- -j12 -l12
[1.543s] Invoked command in '/home/thaoton1910/swarm_robot/simulation_ws/src/build/robot_bringup' returned '0': CMAKE_PREFIX_PATH=/opt/ros/humble /usr/bin/cmake --build /home/thaoton1910/swarm_robot/simulation_ws/src/build/robot_bringup -- -j12 -l12
[1.546s] Invoking command in '/home/thaoton1910/swarm_robot/simulation_ws/src/build/robot_bringup': CMAKE_PREFIX_PATH=/opt/ros/humble /usr/bin/cmake --install /home/thaoton1910/swarm_robot/simulation_ws/src/build/robot_bringup
[1.552s] -- Install configuration: ""
[1.552s] -- Execute custom install script
[1.553s] -- Symlinking: /home/thaoton1910/swarm_robot/simulation_ws/src/install/robot_bringup/share/robot_bringup/launch/multi_robot_launch.py
[1.560s] -- Symlinking: /home/thaoton1910/swarm_robot/simulation_ws/src/install/robot_bringup/share/robot_bringup/launch/multi_spawn_robot_launch.py
[1.567s] -- Symlinking: /home/thaoton1910/swarm_robot/simulation_ws/src/install/robot_bringup/share/robot_bringup/launch/robot_bringup.launch.py
[1.576s] -- Symlinking: /home/thaoton1910/swarm_robot/simulation_ws/src/install/robot_bringup/share/robot_bringup/launch/robot_up.launch.py
[1.582s] -- Symlinking: /home/thaoton1910/swarm_robot/simulation_ws/src/install/robot_bringup/share/robot_bringup/launch/spawn_robot.py
[1.590s] -- Symlinking: /home/thaoton1910/swarm_robot/simulation_ws/src/install/robot_bringup/share/robot_bringup/launch/spawn_robot_launch.py
[1.598s] -- Symlinking: /home/thaoton1910/swarm_robot/simulation_ws/src/install/robot_bringup/share/robot_bringup/launch/start_world_launch.py
[1.606s] -- Symlinking: /home/thaoton1910/swarm_robot/simulation_ws/src/install/robot_bringup/share/robot_bringup/launch/tf_broadcaster.py
[1.614s] -- Symlinking: /home/thaoton1910/swarm_robot/simulation_ws/src/install/robot_bringup/share/robot_bringup/descriptions/gazebo_control.xacro
[1.621s] -- Symlinking: /home/thaoton1910/swarm_robot/simulation_ws/src/install/robot_bringup/share/robot_bringup/descriptions/inertial_macros.xacro
[1.628s] -- Symlinking: /home/thaoton1910/swarm_robot/simulation_ws/src/install/robot_bringup/share/robot_bringup/descriptions/lidar.xacro
[1.637s] -- Symlinking: /home/thaoton1910/swarm_robot/simulation_ws/src/install/robot_bringup/share/robot_bringup/descriptions/swarm_bot.urdf
[1.644s] -- Symlinking: /home/thaoton1910/swarm_robot/simulation_ws/src/install/robot_bringup/share/robot_bringup/descriptions/swarm_bot.urdf.xacro
[1.652s] -- Symlinking: /home/thaoton1910/swarm_robot/simulation_ws/src/install/robot_bringup/share/robot_bringup/worlds/obstacle.worlds
[1.659s] -- Symlinking: /home/thaoton1910/swarm_robot/simulation_ws/src/install/robot_bringup/share/robot_bringup/worlds/swarm_world.worlds
[1.667s] -- Symlinking: /home/thaoton1910/swarm_robot/simulation_ws/src/install/robot_bringup/lib/robot_bringup/spawn_robot.py
[1.678s] -- Symlinking: /home/thaoton1910/swarm_robot/simulation_ws/src/install/robot_bringup/share/ament_index/resource_index/package_run_dependencies/robot_bringup
[1.687s] -- Symlinking: /home/thaoton1910/swarm_robot/simulation_ws/src/install/robot_bringup/share/ament_index/resource_index/parent_prefix_path/robot_bringup
[1.695s] -- Symlinking: /home/thaoton1910/swarm_robot/simulation_ws/src/install/robot_bringup/share/robot_bringup/environment/ament_prefix_path.sh
[1.705s] -- Symlinking: /home/thaoton1910/swarm_robot/simulation_ws/src/install/robot_bringup/share/robot_bringup/environment/ament_prefix_path.dsv
[1.711s] -- Symlinking: /home/thaoton1910/swarm_robot/simulation_ws/src/install/robot_bringup/share/robot_bringup/environment/path.sh
[1.719s] -- Symlinking: /home/thaoton1910/swarm_robot/simulation_ws/src/install/robot_bringup/share/robot_bringup/environment/path.dsv
[1.726s] -- Symlinking: /home/thaoton1910/swarm_robot/simulation_ws/src/install/robot_bringup/share/robot_bringup/local_setup.bash
[1.733s] -- Symlinking: /home/thaoton1910/swarm_robot/simulation_ws/src/install/robot_bringup/share/robot_bringup/local_setup.sh
[1.741s] -- Symlinking: /home/thaoton1910/swarm_robot/simulation_ws/src/install/robot_bringup/share/robot_bringup/local_setup.zsh
[1.747s] -- Symlinking: /home/thaoton1910/swarm_robot/simulation_ws/src/install/robot_bringup/share/robot_bringup/local_setup.dsv
[1.754s] -- Symlinking: /home/thaoton1910/swarm_robot/simulation_ws/src/install/robot_bringup/share/robot_bringup/package.dsv
[1.761s] -- Symlinking: /home/thaoton1910/swarm_robot/simulation_ws/src/install/robot_bringup/share/ament_index/resource_index/packages/robot_bringup
[1.769s] -- Symlinking: /home/thaoton1910/swarm_robot/simulation_ws/src/install/robot_bringup/share/robot_bringup/cmake/robot_bringupConfig.cmake
[1.775s] -- Symlinking: /home/thaoton1910/swarm_robot/simulation_ws/src/install/robot_bringup/share/robot_bringup/cmake/robot_bringupConfig-version.cmake
[1.782s] -- Symlinking: /home/thaoton1910/swarm_robot/simulation_ws/src/install/robot_bringup/share/robot_bringup/package.xml
[1.790s] Invoked command in '/home/thaoton1910/swarm_robot/simulation_ws/src/build/robot_bringup' returned '0': CMAKE_PREFIX_PATH=/opt/ros/humble /usr/bin/cmake --install /home/thaoton1910/swarm_robot/simulation_ws/src/build/robot_bringup
