-- Install configuration: ""
-- Execute custom install script
-- Up-to-date symlink: /home/thaoton1910/swarm_robot/simulation_ws/src/install/turtlebot3_navigation2/share/turtlebot3_navigation2/launch/filter_scan.py
-- Up-to-date symlink: /home/thaoton1910/swarm_robot/simulation_ws/src/install/turtlebot3_navigation2/share/turtlebot3_navigation2/launch/navigation2.launch.py
-- Up-to-date symlink: /home/thaoton1910/swarm_robot/simulation_ws/src/install/turtlebot3_navigation2/share/turtlebot3_navigation2/map/art_studio.pgm
-- Up-to-date symlink: /home/thaoton1910/swarm_robot/simulation_ws/src/install/turtlebot3_navigation2/share/turtlebot3_navigation2/map/art_studio.yaml
-- Up-to-date symlink: /home/thaoton1910/swarm_robot/simulation_ws/src/install/turtlebot3_navigation2/share/turtlebot3_navigation2/map/broadway.pgm
-- Up-to-date symlink: /home/thaoton1910/swarm_robot/simulation_ws/src/install/turtlebot3_navigation2/share/turtlebot3_navigation2/map/broadway.yaml
-- Up-to-date symlink: /home/thaoton1910/swarm_robot/simulation_ws/src/install/turtlebot3_navigation2/share/turtlebot3_navigation2/map/experiment.pgm
-- Up-to-date symlink: /home/thaoton1910/swarm_robot/simulation_ws/src/install/turtlebot3_navigation2/share/turtlebot3_navigation2/map/experiment.yaml
-- Up-to-date symlink: /home/thaoton1910/swarm_robot/simulation_ws/src/install/turtlebot3_navigation2/share/turtlebot3_navigation2/map/experiment_2.pgm
-- Up-to-date symlink: /home/thaoton1910/swarm_robot/simulation_ws/src/install/turtlebot3_navigation2/share/turtlebot3_navigation2/map/experiment_2.yaml
-- Up-to-date symlink: /home/thaoton1910/swarm_robot/simulation_ws/src/install/turtlebot3_navigation2/share/turtlebot3_navigation2/map/experiment_map.pgm
-- Up-to-date symlink: /home/thaoton1910/swarm_robot/simulation_ws/src/install/turtlebot3_navigation2/share/turtlebot3_navigation2/map/experiment_map.yaml
-- Up-to-date symlink: /home/thaoton1910/swarm_robot/simulation_ws/src/install/turtlebot3_navigation2/share/turtlebot3_navigation2/map/first_exp_map.pgm
-- Up-to-date symlink: /home/thaoton1910/swarm_robot/simulation_ws/src/install/turtlebot3_navigation2/share/turtlebot3_navigation2/map/first_exp_map.yaml
-- Up-to-date symlink: /home/thaoton1910/swarm_robot/simulation_ws/src/install/turtlebot3_navigation2/share/turtlebot3_navigation2/map/makerspace_map.pgm
-- Up-to-date symlink: /home/thaoton1910/swarm_robot/simulation_ws/src/install/turtlebot3_navigation2/share/turtlebot3_navigation2/map/makerspace_map.yaml
-- Up-to-date symlink: /home/thaoton1910/swarm_robot/simulation_ws/src/install/turtlebot3_navigation2/share/turtlebot3_navigation2/map/map_arti_env.pgm
-- Up-to-date symlink: /home/thaoton1910/swarm_robot/simulation_ws/src/install/turtlebot3_navigation2/share/turtlebot3_navigation2/map/map_arti_env.yaml
-- Up-to-date symlink: /home/thaoton1910/swarm_robot/simulation_ws/src/install/turtlebot3_navigation2/share/turtlebot3_navigation2/map/sim_map.pgm
-- Up-to-date symlink: /home/thaoton1910/swarm_robot/simulation_ws/src/install/turtlebot3_navigation2/share/turtlebot3_navigation2/map/sim_map.yaml
-- Up-to-date symlink: /home/thaoton1910/swarm_robot/simulation_ws/src/install/turtlebot3_navigation2/share/turtlebot3_navigation2/map/simumap.pgm
-- Up-to-date symlink: /home/thaoton1910/swarm_robot/simulation_ws/src/install/turtlebot3_navigation2/share/turtlebot3_navigation2/map/simumap.yaml
-- Up-to-date symlink: /home/thaoton1910/swarm_robot/simulation_ws/src/install/turtlebot3_navigation2/share/turtlebot3_navigation2/map/turtlebot3_world.pgm
-- Up-to-date symlink: /home/thaoton1910/swarm_robot/simulation_ws/src/install/turtlebot3_navigation2/share/turtlebot3_navigation2/map/turtlebot3_world.yaml
-- Up-to-date symlink: /home/thaoton1910/swarm_robot/simulation_ws/src/install/turtlebot3_navigation2/share/turtlebot3_navigation2/param/burger.yaml
-- Up-to-date symlink: /home/thaoton1910/swarm_robot/simulation_ws/src/install/turtlebot3_navigation2/share/turtlebot3_navigation2/param/waffle.yaml
-- Up-to-date symlink: /home/thaoton1910/swarm_robot/simulation_ws/src/install/turtlebot3_navigation2/share/turtlebot3_navigation2/param/waffle_pi.yaml
-- Up-to-date symlink: /home/thaoton1910/swarm_robot/simulation_ws/src/install/turtlebot3_navigation2/share/turtlebot3_navigation2/rviz/nav2_har_view.rviz
-- Up-to-date symlink: /home/thaoton1910/swarm_robot/simulation_ws/src/install/turtlebot3_navigation2/share/turtlebot3_navigation2/rviz/tb3_navigation2.rviz
-- Up-to-date symlink: /home/thaoton1910/swarm_robot/simulation_ws/src/install/turtlebot3_navigation2/share/ament_index/resource_index/package_run_dependencies/turtlebot3_navigation2
-- Up-to-date symlink: /home/thaoton1910/swarm_robot/simulation_ws/src/install/turtlebot3_navigation2/share/ament_index/resource_index/parent_prefix_path/turtlebot3_navigation2
-- Up-to-date symlink: /home/thaoton1910/swarm_robot/simulation_ws/src/install/turtlebot3_navigation2/share/turtlebot3_navigation2/environment/ament_prefix_path.sh
-- Up-to-date symlink: /home/thaoton1910/swarm_robot/simulation_ws/src/install/turtlebot3_navigation2/share/turtlebot3_navigation2/environment/ament_prefix_path.dsv
-- Up-to-date symlink: /home/thaoton1910/swarm_robot/simulation_ws/src/install/turtlebot3_navigation2/share/turtlebot3_navigation2/environment/path.sh
-- Up-to-date symlink: /home/thaoton1910/swarm_robot/simulation_ws/src/install/turtlebot3_navigation2/share/turtlebot3_navigation2/environment/path.dsv
-- Up-to-date symlink: /home/thaoton1910/swarm_robot/simulation_ws/src/install/turtlebot3_navigation2/share/turtlebot3_navigation2/local_setup.bash
-- Up-to-date symlink: /home/thaoton1910/swarm_robot/simulation_ws/src/install/turtlebot3_navigation2/share/turtlebot3_navigation2/local_setup.sh
-- Up-to-date symlink: /home/thaoton1910/swarm_robot/simulation_ws/src/install/turtlebot3_navigation2/share/turtlebot3_navigation2/local_setup.zsh
-- Up-to-date symlink: /home/thaoton1910/swarm_robot/simulation_ws/src/install/turtlebot3_navigation2/share/turtlebot3_navigation2/local_setup.dsv
-- Symlinking: /home/thaoton1910/swarm_robot/simulation_ws/src/install/turtlebot3_navigation2/share/turtlebot3_navigation2/package.dsv
-- Up-to-date symlink: /home/thaoton1910/swarm_robot/simulation_ws/src/install/turtlebot3_navigation2/share/ament_index/resource_index/packages/turtlebot3_navigation2
-- Up-to-date symlink: /home/thaoton1910/swarm_robot/simulation_ws/src/install/turtlebot3_navigation2/share/turtlebot3_navigation2/cmake/turtlebot3_navigation2Config.cmake
-- Up-to-date symlink: /home/thaoton1910/swarm_robot/simulation_ws/src/install/turtlebot3_navigation2/share/turtlebot3_navigation2/cmake/turtlebot3_navigation2Config-version.cmake
-- Up-to-date symlink: /home/thaoton1910/swarm_robot/simulation_ws/src/install/turtlebot3_navigation2/share/turtlebot3_navigation2/package.xml
